Archive member included to satisfy reference by file (symbol)

C:/ST/STM32CubeIDE_1.19.0/STM32CubeIDE/plugins/com.st.stm32cube.ide.mcu.externaltools.gnu-tools-for-stm32.13.3.rel1.win32_1.0.0.202411081344/tools/bin/../lib/gcc/arm-none-eabi/13.3.1/../../../../arm-none-eabi/lib/thumb/v7-m/nofp\libc_nano.a(libc_a-exit.o)
                              C:/ST/STM32CubeIDE_1.19.0/STM32CubeIDE/plugins/com.st.stm32cube.ide.mcu.externaltools.gnu-tools-for-stm32.13.3.rel1.win32_1.0.0.202411081344/tools/bin/../lib/gcc/arm-none-eabi/13.3.1/../../../../arm-none-eabi/lib/thumb/v7-m/nofp/crt0.o (exit)
C:/ST/STM32CubeIDE_1.19.0/STM32CubeIDE/plugins/com.st.stm32cube.ide.mcu.externaltools.gnu-tools-for-stm32.13.3.rel1.win32_1.0.0.202411081344/tools/bin/../lib/gcc/arm-none-eabi/13.3.1/../../../../arm-none-eabi/lib/thumb/v7-m/nofp\libc_nano.a(libc_a-findfp.o)
                              C:/ST/STM32CubeIDE_1.19.0/STM32CubeIDE/plugins/com.st.stm32cube.ide.mcu.externaltools.gnu-tools-for-stm32.13.3.rel1.win32_1.0.0.202411081344/tools/bin/../lib/gcc/arm-none-eabi/13.3.1/../../../../arm-none-eabi/lib/thumb/v7-m/nofp\libc_nano.a(libc_a-exit.o) (__stdio_exit_handler)
C:/ST/STM32CubeIDE_1.19.0/STM32CubeIDE/plugins/com.st.stm32cube.ide.mcu.externaltools.gnu-tools-for-stm32.13.3.rel1.win32_1.0.0.202411081344/tools/bin/../lib/gcc/arm-none-eabi/13.3.1/../../../../arm-none-eabi/lib/thumb/v7-m/nofp\libc_nano.a(libc_a-fwalk.o)
                              C:/ST/STM32CubeIDE_1.19.0/STM32CubeIDE/plugins/com.st.stm32cube.ide.mcu.externaltools.gnu-tools-for-stm32.13.3.rel1.win32_1.0.0.202411081344/tools/bin/../lib/gcc/arm-none-eabi/13.3.1/../../../../arm-none-eabi/lib/thumb/v7-m/nofp\libc_nano.a(libc_a-findfp.o) (_fwalk_sglue)
C:/ST/STM32CubeIDE_1.19.0/STM32CubeIDE/plugins/com.st.stm32cube.ide.mcu.externaltools.gnu-tools-for-stm32.13.3.rel1.win32_1.0.0.202411081344/tools/bin/../lib/gcc/arm-none-eabi/13.3.1/../../../../arm-none-eabi/lib/thumb/v7-m/nofp\libc_nano.a(libc_a-stdio.o)
                              C:/ST/STM32CubeIDE_1.19.0/STM32CubeIDE/plugins/com.st.stm32cube.ide.mcu.externaltools.gnu-tools-for-stm32.13.3.rel1.win32_1.0.0.202411081344/tools/bin/../lib/gcc/arm-none-eabi/13.3.1/../../../../arm-none-eabi/lib/thumb/v7-m/nofp\libc_nano.a(libc_a-findfp.o) (__sread)
C:/ST/STM32CubeIDE_1.19.0/STM32CubeIDE/plugins/com.st.stm32cube.ide.mcu.externaltools.gnu-tools-for-stm32.13.3.rel1.win32_1.0.0.202411081344/tools/bin/../lib/gcc/arm-none-eabi/13.3.1/../../../../arm-none-eabi/lib/thumb/v7-m/nofp\libc_nano.a(libc_a-memset.o)
                              C:/ST/STM32CubeIDE_1.19.0/STM32CubeIDE/plugins/com.st.stm32cube.ide.mcu.externaltools.gnu-tools-for-stm32.13.3.rel1.win32_1.0.0.202411081344/tools/bin/../lib/gcc/arm-none-eabi/13.3.1/../../../../arm-none-eabi/lib/thumb/v7-m/nofp/crt0.o (memset)
C:/ST/STM32CubeIDE_1.19.0/STM32CubeIDE/plugins/com.st.stm32cube.ide.mcu.externaltools.gnu-tools-for-stm32.13.3.rel1.win32_1.0.0.202411081344/tools/bin/../lib/gcc/arm-none-eabi/13.3.1/../../../../arm-none-eabi/lib/thumb/v7-m/nofp\libc_nano.a(libc_a-closer.o)
                              C:/ST/STM32CubeIDE_1.19.0/STM32CubeIDE/plugins/com.st.stm32cube.ide.mcu.externaltools.gnu-tools-for-stm32.13.3.rel1.win32_1.0.0.202411081344/tools/bin/../lib/gcc/arm-none-eabi/13.3.1/../../../../arm-none-eabi/lib/thumb/v7-m/nofp\libc_nano.a(libc_a-stdio.o) (_close_r)
C:/ST/STM32CubeIDE_1.19.0/STM32CubeIDE/plugins/com.st.stm32cube.ide.mcu.externaltools.gnu-tools-for-stm32.13.3.rel1.win32_1.0.0.202411081344/tools/bin/../lib/gcc/arm-none-eabi/13.3.1/../../../../arm-none-eabi/lib/thumb/v7-m/nofp\libc_nano.a(libc_a-reent.o)
                              C:/ST/STM32CubeIDE_1.19.0/STM32CubeIDE/plugins/com.st.stm32cube.ide.mcu.externaltools.gnu-tools-for-stm32.13.3.rel1.win32_1.0.0.202411081344/tools/bin/../lib/gcc/arm-none-eabi/13.3.1/../../../../arm-none-eabi/lib/thumb/v7-m/nofp\libc_nano.a(libc_a-closer.o) (errno)
C:/ST/STM32CubeIDE_1.19.0/STM32CubeIDE/plugins/com.st.stm32cube.ide.mcu.externaltools.gnu-tools-for-stm32.13.3.rel1.win32_1.0.0.202411081344/tools/bin/../lib/gcc/arm-none-eabi/13.3.1/../../../../arm-none-eabi/lib/thumb/v7-m/nofp\libc_nano.a(libc_a-impure.o)
                              C:/ST/STM32CubeIDE_1.19.0/STM32CubeIDE/plugins/com.st.stm32cube.ide.mcu.externaltools.gnu-tools-for-stm32.13.3.rel1.win32_1.0.0.202411081344/tools/bin/../lib/gcc/arm-none-eabi/13.3.1/../../../../arm-none-eabi/lib/thumb/v7-m/nofp\libc_nano.a(libc_a-reent.o) (_impure_ptr)
C:/ST/STM32CubeIDE_1.19.0/STM32CubeIDE/plugins/com.st.stm32cube.ide.mcu.externaltools.gnu-tools-for-stm32.13.3.rel1.win32_1.0.0.202411081344/tools/bin/../lib/gcc/arm-none-eabi/13.3.1/../../../../arm-none-eabi/lib/thumb/v7-m/nofp\libc_nano.a(libc_a-lseekr.o)
[...]
Memory Configuration

Name             Origin             Length             Attributes
RAM              0x20000000         0x00005000         xrw
FLASH            0x08000000         0x00010000         xr
*default*        0x00000000         0xffffffff

Linker script and memory map

LOAD C:/ST/STM32CubeIDE_1.19.0/STM32CubeIDE/plugins/com.st.stm32cube.ide.mcu.externaltools.gnu-tools-for-stm32.13.3.rel1.win32_1.0.0.202411081344/tools/bin/../lib/gcc/arm-none-eabi/13.3.1/thumb/v7-m/nofp/crti.o
LOAD C:/ST/STM32CubeIDE_1.19.0/STM32CubeIDE/plugins/com.st.stm32cube.ide.mcu.externaltools.gnu-tools-for-stm32.13.3.rel1.win32_1.0.0.202411081344/tools/bin/../lib/gcc/arm-none-eabi/13.3.1/thumb/v7-m/nofp/crtbegin.o
LOAD C:/ST/STM32CubeIDE_1.19.0/STM32CubeIDE/plugins/com.st.stm32cube.ide.mcu.externaltools.gnu-tools-for-stm32.13.3.rel1.win32_1.0.0.202411081344/tools/bin/../lib/gcc/arm-none-eabi/13.3.1/../../../../arm-none-eabi/lib/thumb/v7-m/nofp/crt0.o
LOAD ./Core/Src/main.o
LOAD ./Core/Src/si4432.o
LOAD ./Core/Src/si4432_io_hal.o
LOAD ./Core/Src/stm32f1xx_hal_msp.o
LOAD ./Core/Src/stm32f1xx_it.o
LOAD ./Core/Src/syscalls.o
LOAD ./Core/Src/sysmem.o
LOAD ./Core/Src/system_stm32f1xx.o
LOAD ./Core/Startup/startup_stm32f103c8tx.o
LOAD ./Drivers/STM32F1xx_HAL_Driver/Src/stm32f1xx_hal.o
LOAD ./Drivers/STM32F1xx_HAL_Driver/Src/stm32f1xx_hal_cortex.o
LOAD ./Drivers/STM32F1xx_HAL_Driver/Src/stm32f1xx_hal_dma.o
LOAD ./Drivers/STM32F1xx_HAL_Driver/Src/stm32f1xx_hal_exti.o
LOAD ./Drivers/STM32F1xx_HAL_Driver/Src/stm32f1xx_hal_flash.o
LOAD ./Drivers/STM32F1xx_HAL_Driver/Src/stm32f1xx_hal_flash_ex.o
LOAD ./Drivers/STM32F1xx_HAL_Driver/Src/stm32f1xx_hal_gpio.o
LOAD ./Drivers/STM32F1xx_HAL_Driver/Src/stm32f1xx_hal_gpio_ex.o
LOAD ./Drivers/STM32F1xx_HAL_Driver/Src/stm32f1xx_hal_pwr.o
LOAD ./Drivers/STM32F1xx_HAL_Driver/Src/stm32f1xx_hal_rcc.o
LOAD ./Drivers/STM32F1xx_HAL_Driver/Src/stm32f1xx_hal_rcc_ex.o
LOAD ./Drivers/STM32F1xx_HAL_Driver/Src/stm32f1xx_hal_spi.o
LOAD ./Drivers/STM32F1xx_HAL_Driver/Src/stm32f1xx_hal_uart.o
START GROUP
LOAD C:/ST/STM32CubeIDE_1.19.0/STM32CubeIDE/plugins/com.st.stm32cube.ide.mcu.externaltools.gnu-tools-for-stm32.13.3.rel1.win32_1.0.0.202411081344/tools/bin/../lib/gcc/arm-none-eabi/13.3.1/../../../../arm-none-eabi/lib/thumb/v7-m/nofp\libc_nano.a
LOAD C:/ST/STM32CubeIDE_1.19.0/STM32CubeIDE/plugins/com.st.stm32cube.ide.mcu.externaltools.gnu-tools-for-stm32.13.3.rel1.win32_1.0.0.202411081344/tools/bin/../lib/gcc/arm-none-eabi/13.3.1/../../../../arm-none-eabi/lib/thumb/v7-m/nofp\libm.a
END GROUP
START GROUP
LOAD C:/ST/STM32CubeIDE_1.19.0/STM32CubeIDE/plugins/com.st.stm32cube.ide.mcu.externaltools.gnu-tools-for-stm32.13.3.rel1.win32_1.0.0.202411081344/tools/bin/../lib/gcc/arm-none-eabi/13.3.1/thumb/v7-m/nofp\libgcc.a
LOAD C:/ST/STM32CubeIDE_1.19.0/STM32CubeIDE/plugins/com.st.stm32cube.ide.mcu.externaltools.gnu-tools-for-stm32.13.3.rel1.win32_1.0.0.202411081344/tools/bin/../lib/gcc/arm-none-eabi/13.3.1/../../../../arm-none-eabi/lib/thumb/v7-m/nofp\libc_nano.a
END GROUP
START GROUP
LOAD C:/ST/STM32CubeIDE_1.19.0/STM32CubeIDE/plugins/com.st.stm32cube.ide.mcu.externaltools.gnu-tools-for-stm32.13.3.rel1.win32_1.0.0.202411081344/tools/bin/../lib/gcc/arm-none-eabi/13.3.1/thumb/v7-m/nofp\libgcc.a
LOAD C:/ST/STM32CubeIDE_1.19.0/STM32CubeIDE/plugins/com.st.stm32cube.ide.mcu.externaltools.gnu-tools-for-stm32.13.3.rel1.win32_1.0.0.202411081344/tools/bin/../lib/gcc/arm-none-eabi/13.3.1/../../../../arm-none-eabi/lib/thumb/v7-m/nofp\libc_nano.a
LOAD C:/ST/STM32CubeIDE_1.19.0/STM32CubeIDE/plugins/com.st.stm32cube.ide.mcu.externaltools.gnu-tools-for-stm32.13.3.rel1.win32_1.0.0.202411081344/tools/bin/../lib/gcc/arm-none-eabi/13.3.1/../../../../arm-none-eabi/lib/thumb/v7-m/nofp\libnosys.a
END GROUP
START GROUP
LOAD C:/ST/STM32CubeIDE_1.19.0/STM32CubeIDE/plugins/com.st.stm32cube.ide.mcu.externaltools.gnu-tools-for-stm32.13.3.rel1.win32_1.0.0.202411081344/tools/bin/../lib/gcc/arm-none-eabi/13.3.1/thumb/v7-m/nofp\libgcc.a
LOAD C:/ST/STM32CubeIDE_1.19.0/STM32CubeIDE/plugins/com.st.stm32cube.ide.mcu.externaltools.gnu-tools-for-stm32.13.3.rel1.win32_1.0.0.202411081344/tools/bin/../lib/gcc/arm-none-eabi/13.3.1/../../../../arm-none-eabi/lib/thumb/v7-m/nofp\libc_nano.a
LOAD C:/ST/STM32CubeIDE_1.19.0/STM32CubeIDE/plugins/com.st.stm32cube.ide.mcu.externaltools.gnu-tools-for-stm32.13.3.rel1.win32_1.0.0.202411081344/tools/bin/../lib/gcc/arm-none-eabi/13.3.1/../../../../arm-none-eabi/lib/thumb/v7-m/nofp\libnosys.a
END GROUP
LOAD C:/ST/STM32CubeIDE_1.19.0/STM32CubeIDE/plugins/com.st.stm32cube.ide.mcu.externaltools.gnu-tools-for-stm32.13.3.rel1.win32_1.0.0.202411081344/tools/bin/../lib/gcc/arm-none-eabi/13.3.1/thumb/v7-m/nofp/crtend.o
LOAD C:/ST/STM32CubeIDE_1.19.0/STM32CubeIDE/plugins/com.st.stm32cube.ide.mcu.externaltools.gnu-tools-for-stm32.13.3.rel1.win32_1.0.0.202411081344/tools/bin/../lib/gcc/arm-none-eabi/13.3.1/thumb/v7-m/nofp/crtn.o
                0x20005000                        _estack = (ORIGIN (RAM) + LENGTH (RAM))
                0x00000200                        _Min_Heap_Size = 0x200
                0x00000400                        _Min_Stack_Size = 0x400

.isr_vector     0x08000000      0x10c
                0x08000000                        . = ALIGN (0x4)
 *(.isr_vector)
 .isr_vector    0x08000000      0x10c ./Core/Startup/startup_stm32f103c8tx.o
                0x08000000                g_pfnVectors
                0x0800010c                        . = ALIGN (0x4)

.text           0x0800010c     0x2c6c
                0x0800010c                        . = ALIGN (0x4)
 *(.text)
 .text          0x0800010c       0x40 C:/ST/STM32CubeIDE_1.19.0/STM32CubeIDE/plugins/com.st.stm32cube.ide.mcu.externaltools.gnu-tools-for-stm32.13.3.rel1.win32_1.0.0.202411081344/tools/bin/../lib/gcc/arm-none-eabi/13.3.1/thumb/v7-m/nofp/crtbegin.o
 *(.text*)
 .text.HAL_GPIO_EXTI_Callback
                0x0800014c       0x28 ./Core/Src/main.o
                0x0800014c                HAL_GPIO_EXTI_Callback
 .text.main     0x08000174       0x74 ./Core/Src/main.o
                0x08000174                main
 .text.SystemClock_Config
                0x080001e8       0x8a ./Core/Src/main.o
                0x080001e8                SystemClock_Config
 *fill*         0x08000272        0x2 
 .text.MX_SPI2_Init
                0x08000274       0x6c ./Core/Src/main.o
 .text.MX_USART2_UART_Init
                0x080002e0       0x54 ./Core/Src/main.o
 .text.MX_GPIO_Init
                0x08000334       0xc4 ./Core/Src/main.o
 .text.Error_Handler
                0x080003f8        0xc ./Core/Src/main.o
                0x080003f8                Error_Handler
 .text.SI44_Reset
                0x08000404       0x1e ./Core/Src/si4432.o
                0x08000404                SI44_Reset
 .text.SI44_Init
                0x08000422       0x26 ./Core/Src/si4432.o
                0x08000422                SI44_Init
 .text.SI44_SetTXPower
                0x08000448       0x4e ./Core/Src/si4432.o
                0x08000448                SI44_SetTXPower
 .text.SI44_SendPacket
                0x08000496       0x50 ./Core/Src/si4432.o
                0x08000496                SI44_SendPacket
 .text.SI44_ResendPacket
                0x080004e6       0x1e ./Core/Src/si4432.o
                0x080004e6                SI44_ResendPacket
 .text.SI44_ClearTXFIFO
                0x08000504       0x2e ./Core/Src/si4432.o
                0x08000504                SI44_ClearTXFIFO
 *fill*         0x08000532        0x2 
 .text.SI44_PresetConfig
                0x08000534       0x44 ./Core/Src/si4432.o
                0x08000534                SI44_PresetConfig
 .text.SI44_SetAGCMode
                0x08000578       0x1e ./Core/Src/si4432.o
                0x08000578                SI44_SetAGCMode
 .text.SI44_SetInterrupts1
                0x08000596       0x1e ./Core/Src/si4432.o
                0x08000596                SI44_SetInterrupts1
 .text.SI44_SetInterrupts2
                0x080005b4       0x1e ./Core/Src/si4432.o
                0x080005b4                SI44_SetInterrupts2
 *fill*         0x080005d2        0x2 
 .text.SI44_Read
                0x080005d4       0xd8 ./Core/Src/si4432_io_hal.o
                0x080005d4                SI44_Read
 .text.SI44_Write
                0x080006ac       0xe0 ./Core/Src/si4432_io_hal.o
                0x080006ac                SI44_Write
 .text.SI44_IO_Init
                0x0800078c       0x38 ./Core/Src/si4432_io_hal.o
                0x0800078c                SI44_IO_Init
 .text.HAL_MspInit
                0x080007c4       0x64 ./Core/Src/stm32f1xx_hal_msp.o
                0x080007c4                HAL_MspInit
 .text.HAL_SPI_MspInit
                0x08000828       0x98 ./Core/Src/stm32f1xx_hal_msp.o
                0x08000828                HAL_SPI_MspInit
 .text.HAL_UART_MspInit
                0x080008c0       0xa4 ./Core/Src/stm32f1xx_hal_msp.o
                0x080008c0                HAL_UART_MspInit
 .text.NMI_Handler
                0x08000964        0x8 ./Core/Src/stm32f1xx_it.o
                0x08000964                NMI_Handler
 .text.HardFault_Handler
                0x0800096c        0x8 ./Core/Src/stm32f1xx_it.o
                0x0800096c                HardFault_Handler
 .text.MemManage_Handler
                0x08000974        0x8 ./Core/Src/stm32f1xx_it.o
                0x08000974                MemManage_Handler
 .text.BusFault_Handler
                0x0800097c        0x8 ./Core/Src/stm32f1xx_it.o
                0x0800097c                BusFault_Handler
 .text.UsageFault_Handler
                0x08000984        0x8 ./Core/Src/stm32f1xx_it.o
                0x08000984                UsageFault_Handler
 .text.SVC_Handler
                0x0800098c        0xc ./Core/Src/stm32f1xx_it.o
                0x0800098c                SVC_Handler
 .text.DebugMon_Handler
                0x08000998        0xc ./Core/Src/stm32f1xx_it.o
                0x08000998                DebugMon_Handler
 .text.PendSV_Handler
                0x080009a4        0xc ./Core/Src/stm32f1xx_it.o
                0x080009a4                PendSV_Handler
 .text.SysTick_Handler
                0x080009b0        0xc ./Core/Src/stm32f1xx_it.o
                0x080009b0                SysTick_Handler
 .text.USART2_IRQHandler
                0x080009bc       0x14 ./Core/Src/stm32f1xx_it.o
                0x080009bc                USART2_IRQHandler
 .text.EXTI15_10_IRQHandler
                0x080009d0       0x10 ./Core/Src/stm32f1xx_it.o
                0x080009d0                EXTI15_10_IRQHandler
 .text.SystemInit
                0x080009e0        0xc ./Core/Src/system_stm32f1xx.o
                0x080009e0                SystemInit
 .text.Reset_Handler
                0x080009ec       0x48 ./Core/Startup/startup_stm32f103c8tx.o
                0x080009ec                Reset_Handler
 .text.Default_Handler
                0x08000a34        0x2 ./Core/Startup/startup_stm32f103c8tx.o
                0x08000a34                RTC_Alarm_IRQHandler
                0x08000a34                EXTI2_IRQHandler
                0x08000a34                TIM1_CC_IRQHandler
                0x08000a34                PVD_IRQHandler
                0x08000a34                EXTI3_IRQHandler
                0x08000a34                EXTI0_IRQHandler
                0x08000a34                I2C2_EV_IRQHandler
                0x08000a34                ADC1_2_IRQHandler
                0x08000a34                SPI1_IRQHandler
                0x08000a34                TAMPER_IRQHandler
                0x08000a34                DMA1_Channel4_IRQHandler
                0x08000a34                USART3_IRQHandler
                0x08000a34                RTC_IRQHandler
                0x08000a34                DMA1_Channel7_IRQHandler
                0x08000a34                CAN1_RX1_IRQHandler
                0x08000a34                TIM4_IRQHandler
                0x08000a34                I2C1_EV_IRQHandler
                0x08000a34                DMA1_Channel6_IRQHandler
                0x08000a34                TIM3_IRQHandler
                0x08000a34                RCC_IRQHandler
                0x08000a34                TIM1_TRG_COM_IRQHandler
                0x08000a34                DMA1_Channel1_IRQHandler
                0x08000a34                Default_Handler
                0x08000a34                EXTI9_5_IRQHandler
                0x08000a34                SPI2_IRQHandler
                0x08000a34                DMA1_Channel5_IRQHandler
                0x08000a34                EXTI4_IRQHandler
                0x08000a34                USB_LP_CAN1_RX0_IRQHandler
                0x08000a34                USB_HP_CAN1_TX_IRQHandler
                0x08000a34                DMA1_Channel3_IRQHandler
                0x08000a34                TIM1_UP_IRQHandler
                0x08000a34                WWDG_IRQHandler
                0x08000a34                TIM2_IRQHandler
                0x08000a34                TIM1_BRK_IRQHandler
                0x08000a34                EXTI1_IRQHandler
                0x08000a34                I2C2_ER_IRQHandler
                0x08000a34                DMA1_Channel2_IRQHandler
                0x08000a34                CAN1_SCE_IRQHandler
                0x08000a34                FLASH_IRQHandler
                0x08000a34                USART1_IRQHandler
                0x08000a34                I2C1_ER_IRQHandler
                0x08000a34                USBWakeUp_IRQHandler
 *fill*         0x08000a36        0x2 
 .text.HAL_Init
                0x08000a38       0x2c ./Drivers/STM32F1xx_HAL_Driver/Src/stm32f1xx_hal.o
                0x08000a38                HAL_Init
 .text.HAL_InitTick
                0x08000a64       0x60 ./Drivers/STM32F1xx_HAL_Driver/Src/stm32f1xx_hal.o
                0x08000a64                HAL_InitTick
 .text.HAL_IncTick
                0x08000ac4       0x24 ./Drivers/STM32F1xx_HAL_Driver/Src/stm32f1xx_hal.o
                0x08000ac4                HAL_IncTick
 .text.HAL_GetTick
                0x08000ae8       0x14 ./Drivers/STM32F1xx_HAL_Driver/Src/stm32f1xx_hal.o
                0x08000ae8                HAL_GetTick
 .text.HAL_Delay
                0x08000afc       0x48 ./Drivers/STM32F1xx_HAL_Driver/Src/stm32f1xx_hal.o
                0x08000afc                HAL_Delay
 .text.__NVIC_SetPriorityGrouping
                0x08000b44       0x48 ./Drivers/STM32F1xx_HAL_Driver/Src/stm32f1xx_hal_cortex.o
 .text.__NVIC_GetPriorityGrouping
                0x08000b8c       0x1c ./Drivers/STM32F1xx_HAL_Driver/Src/stm32f1xx_hal_cortex.o
 .text.__NVIC_EnableIRQ
                0x08000ba8       0x38 ./Drivers/STM32F1xx_HAL_Driver/Src/stm32f1xx_hal_cortex.o
 .text.__NVIC_SetPriority
                0x08000be0       0x54 ./Drivers/STM32F1xx_HAL_Driver/Src/stm32f1xx_hal_cortex.o
 .text.NVIC_EncodePriority
                0x08000c34       0x64 ./Drivers/STM32F1xx_HAL_Driver/Src/stm32f1xx_hal_cortex.o
 .text.SysTick_Config
                0x08000c98       0x44 ./Drivers/STM32F1xx_HAL_Driver/Src/stm32f1xx_hal_cortex.o
 .text.HAL_NVIC_SetPriorityGrouping
                0x08000cdc       0x16 ./Drivers/STM32F1xx_HAL_Driver/Src/stm32f1xx_hal_cortex.o
                0x08000cdc                HAL_NVIC_SetPriorityGrouping
 .text.HAL_NVIC_SetPriority
                0x08000cf2       0x38 ./Drivers/STM32F1xx_HAL_Driver/Src/stm32f1xx_hal_cortex.o
                0x08000cf2                HAL_NVIC_SetPriority
 .text.HAL_NVIC_EnableIRQ
                0x08000d2a       0x1c ./Drivers/STM32F1xx_HAL_Driver/Src/stm32f1xx_hal_cortex.o
                0x08000d2a                HAL_NVIC_EnableIRQ
 .text.HAL_SYSTICK_Config
                0x08000d46       0x18 ./Drivers/STM32F1xx_HAL_Driver/Src/stm32f1xx_hal_cortex.o
                0x08000d46                HAL_SYSTICK_Config
 .text.HAL_DMA_Abort
                0x08000d5e       0x76 ./Drivers/STM32F1xx_HAL_Driver/Src/stm32f1xx_hal_dma.o
                0x08000d5e                HAL_DMA_Abort
 .text.HAL_DMA_Abort_IT
                0x08000dd4       0xf0 ./Drivers/STM32F1xx_HAL_Driver/Src/stm32f1xx_hal_dma.o
                0x08000dd4                HAL_DMA_Abort_IT
 .text.HAL_GPIO_Init
                0x08000ec4      0x308 ./Drivers/STM32F1xx_HAL_Driver/Src/stm32f1xx_hal_gpio.o
                0x08000ec4                HAL_GPIO_Init
 .text.HAL_GPIO_WritePin
                0x080011cc       0x30 ./Drivers/STM32F1xx_HAL_Driver/Src/stm32f1xx_hal_gpio.o
                0x080011cc                HAL_GPIO_WritePin
 .text.HAL_GPIO_EXTI_IRQHandler
                0x080011fc       0x30 ./Drivers/STM32F1xx_HAL_Driver/Src/stm32f1xx_hal_gpio.o
                0x080011fc                HAL_GPIO_EXTI_IRQHandler
 .text.HAL_RCC_OscConfig
                0x0800122c      0x504 ./Drivers/STM32F1xx_HAL_Driver/Src/stm32f1xx_hal_rcc.o
                0x0800122c                HAL_RCC_OscConfig
 .text.HAL_RCC_ClockConfig
                0x08001730      0x1d4 ./Drivers/STM32F1xx_HAL_Driver/Src/stm32f1xx_hal_rcc.o
                0x08001730                HAL_RCC_ClockConfig
 .text.HAL_RCC_GetSysClockFreq
                0x08001904       0xa8 ./Drivers/STM32F1xx_HAL_Driver/Src/stm32f1xx_hal_rcc.o
                0x08001904                HAL_RCC_GetSysClockFreq
 .text.HAL_RCC_GetHCLKFreq
                0x080019ac       0x14 ./Drivers/STM32F1xx_HAL_Driver/Src/stm32f1xx_hal_rcc.o
                0x080019ac                HAL_RCC_GetHCLKFreq
 .text.HAL_RCC_GetPCLK1Freq
                0x080019c0       0x28 ./Drivers/STM32F1xx_HAL_Driver/Src/stm32f1xx_hal_rcc.o
                0x080019c0                HAL_RCC_GetPCLK1Freq
 .text.HAL_RCC_GetPCLK2Freq
                0x080019e8       0x28 ./Drivers/STM32F1xx_HAL_Driver/Src/stm32f1xx_hal_rcc.o
                0x080019e8                HAL_RCC_GetPCLK2Freq
 .text.RCC_Delay
                0x08001a10       0x3c ./Drivers/STM32F1xx_HAL_Driver/Src/stm32f1xx_hal_rcc.o
 .text.HAL_SPI_Init
                0x08001a4c      0x108 ./Drivers/STM32F1xx_HAL_Driver/Src/stm32f1xx_hal_spi.o
                0x08001a4c                HAL_SPI_Init
 .text.HAL_SPI_Transmit
                0x08001b54      0x288 ./Drivers/STM32F1xx_HAL_Driver/Src/stm32f1xx_hal_spi.o
                0x08001b54                HAL_SPI_Transmit
 .text.HAL_SPI_TransmitReceive
                0x08001ddc      0x352 ./Drivers/STM32F1xx_HAL_Driver/Src/stm32f1xx_hal_spi.o
                0x08001ddc                HAL_SPI_TransmitReceive
 *fill*         0x0800212e        0x2 
 .text.SPI_WaitFlagStateUntilTimeout
                0x08002130      0x110 ./Drivers/STM32F1xx_HAL_Driver/Src/stm32f1xx_hal_spi.o
 .text.SPI_EndRxTxTransaction
                0x08002240       0x62 ./Drivers/STM32F1xx_HAL_Driver/Src/stm32f1xx_hal_spi.o
 .text.HAL_UART_Init
                0x080022a2       0xa0 ./Drivers/STM32F1xx_HAL_Driver/Src/stm32f1xx_hal_uart.o
                0x080022a2                HAL_UART_Init
 *fill*         0x08002342        0x2 
 .text.HAL_UART_IRQHandler
                0x08002344      0x524 ./Drivers/STM32F1xx_HAL_Driver/Src/stm32f1xx_hal_uart.o
                0x08002344                HAL_UART_IRQHandler
 .text.HAL_UART_TxCpltCallback
                0x08002868       0x12 ./Drivers/STM32F1xx_HAL_Driver/Src/stm32f1xx_hal_uart.o
                0x08002868                HAL_UART_TxCpltCallback
 .text.HAL_UART_RxCpltCallback
                0x0800287a       0x12 ./Drivers/STM32F1xx_HAL_Driver/Src/stm32f1xx_hal_uart.o
                0x0800287a                HAL_UART_RxCpltCallback
 .text.HAL_UART_ErrorCallback
                0x0800288c       0x12 ./Drivers/STM32F1xx_HAL_Driver/Src/stm32f1xx_hal_uart.o
                0x0800288c                HAL_UART_ErrorCallback
 .text.HAL_UARTEx_RxEventCallback
                0x0800289e       0x16 ./Drivers/STM32F1xx_HAL_Driver/Src/stm32f1xx_hal_uart.o
                0x0800289e                HAL_UARTEx_RxEventCallback
 .text.UART_EndRxTransfer
                0x080028b4       0xc4 ./Drivers/STM32F1xx_HAL_Driver/Src/stm32f1xx_hal_uart.o
 .text.UART_DMAAbortOnError
                0x08002978       0x28 ./Drivers/STM32F1xx_HAL_Driver/Src/stm32f1xx_hal_uart.o
 .text.UART_Transmit_IT
                0x080029a0       0x9e ./Drivers/STM32F1xx_HAL_Driver/Src/stm32f1xx_hal_uart.o
 .text.UART_EndTransmit_IT
                0x08002a3e       0x30 ./Drivers/STM32F1xx_HAL_Driver/Src/stm32f1xx_hal_uart.o
 .text.UART_Receive_IT
                0x08002a6e      0x17c ./Drivers/STM32F1xx_HAL_Driver/Src/stm32f1xx_hal_uart.o
 *fill*         0x08002bea        0x2 
 .text.UART_SetConfig
                0x08002bec      0x11c ./Drivers/STM32F1xx_HAL_Driver/Src/stm32f1xx_hal_uart.o
 .text.memset   0x08002d08       0x10 C:/ST/STM32CubeIDE_1.19.0/STM32CubeIDE/plugins/com.st.stm32cube.ide.mcu.externaltools.gnu-tools-for-stm32.13.3.rel1.win32_1.0.0.202411081344/tools/bin/../lib/gcc/arm-none-eabi/13.3.1/../../../../arm-none-eabi/lib/thumb/v7-m/nofp\libc_nano.a(libc_a-memset.o)
                0x08002d08                memset
 .text.__libc_init_array
                0x08002d18       0x48 C:/ST/STM32CubeIDE_1.19.0/STM32CubeIDE/plugins/com.st.stm32cube.ide.mcu.externaltools.gnu-tools-for-stm32.13.3.rel1.win32_1.0.0.202411081344/tools/bin/../lib/gcc/arm-none-eabi/13.3.1/../../../../arm-none-eabi/lib/thumb/v7-m/nofp\libc_nano.a(libc_a-init.o)
                0x08002d18                __libc_init_array
 *(.glue_7)
 .glue_7        0x08002d60        0x0 linker stubs
 *(.glue_7t)
 .glue_7t       0x08002d60        0x0 linker stubs
 *(.eh_frame)
 .eh_frame      0x08002d60        0x0 C:/ST/STM32CubeIDE_1.19.0/STM32CubeIDE/plugins/com.st.stm32cube.ide.mcu.externaltools.gnu-tools-for-stm32.13.3.rel1.win32_1.0.0.202411081344/tools/bin/../lib/gcc/arm-none-eabi/13.3.1/thumb/v7-m/nofp/crtbegin.o
 *(.init)
 .init          0x08002d60        0x4 C:/ST/STM32CubeIDE_1.19.0/STM32CubeIDE/plugins/com.st.stm32cube.ide.mcu.externaltools.gnu-tools-for-stm32.13.3.rel1.win32_1.0.0.202411081344/tools/bin/../lib/gcc/arm-none-eabi/13.3.1/thumb/v7-m/nofp/crti.o
                0x08002d60                _init
 .init          0x08002d64        0x8 C:/ST/STM32CubeIDE_1.19.0/STM32CubeIDE/plugins/com.st.stm32cube.ide.mcu.externaltools.gnu-tools-for-stm32.13.3.rel1.win32_1.0.0.202411081344/tools/bin/../lib/gcc/arm-none-eabi/13.3.1/thumb/v7-m/nofp/crtn.o
 *(.fini)
 .fini          0x08002d6c        0x4 C:/ST/STM32CubeIDE_1.19.0/STM32CubeIDE/plugins/com.st.stm32cube.ide.mcu.externaltools.gnu-tools-for-stm32.13.3.rel1.win32_1.0.0.202411081344/tools/bin/../lib/gcc/arm-none-eabi/13.3.1/thumb/v7-m/nofp/crti.o
                0x08002d6c                _fini
 .fini          0x08002d70        0x8 C:/ST/STM32CubeIDE_1.19.0/STM32CubeIDE/plugins/com.st.stm32cube.ide.mcu.externaltools.gnu-tools-for-stm32.13.3.rel1.win32_1.0.0.202411081344/tools/bin/../lib/gcc/arm-none-eabi/13.3.1/thumb/v7-m/nofp/crtn.o
                0x08002d78                        . = ALIGN (0x4)
                0x08002d78                        _etext = .

.vfp11_veneer   0x08002d78        0x0
 .vfp11_veneer  0x08002d78        0x0 linker stubs

.v4_bx          0x08002d78        0x0
 .v4_bx         0x08002d78        0x0 linker stubs

.iplt           0x08002d78        0x0
 .iplt          0x08002d78        0x0 C:/ST/STM32CubeIDE_1.19.0/STM32CubeIDE/plugins/com.st.stm32cube.ide.mcu.externaltools.gnu-tools-for-stm32.13.3.rel1.win32_1.0.0.202411081344/tools/bin/../lib/gcc/arm-none-eabi/13.3.1/thumb/v7-m/nofp/crtbegin.o

.rodata         0x08002d78       0x8c
                0x08002d78                        . = ALIGN (0x4)
 *(.rodata)
 *(.rodata*)
 .rodata.address
                0x08002d78       0x2e ./Core/Src/si4432.o
                0x08002d78                address
 *fill*         0x08002da6        0x2 
 .rodata.byte   0x08002da8       0x2e ./Core/Src/si4432.o
                0x08002da8                byte
 *fill*         0x08002dd6        0x2 
 .rodata.AHBPrescTable
                0x08002dd8       0x10 ./Core/Src/system_stm32f1xx.o
                0x08002dd8                AHBPrescTable
 .rodata.APBPrescTable
                0x08002de8        0x8 ./Core/Src/system_stm32f1xx.o
                0x08002de8                APBPrescTable
 .rodata.aPLLMULFactorTable.1
                0x08002df0       0x10 ./Drivers/STM32F1xx_HAL_Driver/Src/stm32f1xx_hal_rcc.o
 .rodata.aPredivFactorTable.0
                0x08002e00        0x2 ./Drivers/STM32F1xx_HAL_Driver/Src/stm32f1xx_hal_rcc.o
                0x08002e04                        . = ALIGN (0x4)
 *fill*         0x08002e02        0x2 

.ARM.extab      0x08002e04        0x0
                0x08002e04                        . = ALIGN (0x4)
 *(.ARM.extab* .gnu.linkonce.armextab.*)
                0x08002e04                        . = ALIGN (0x4)

.ARM            0x08002e04        0x0
                0x08002e04                        . = ALIGN (0x4)
                0x08002e04                        __exidx_start = .
 *(.ARM.exidx*)
                0x08002e04                        __exidx_end = .
                0x08002e04                        . = ALIGN (0x4)

.preinit_array  0x08002e04        0x0
                0x08002e04                        . = ALIGN (0x4)
                0x08002e04                        PROVIDE (__preinit_array_start = .)
 *(.preinit_array*)
                0x08002e04                        PROVIDE (__preinit_array_end = .)
                0x08002e04                        . = ALIGN (0x4)

.init_array     0x08002e04        0x4
                0x08002e04                        . = ALIGN (0x4)
                0x08002e04                        PROVIDE (__init_array_start = .)
 *(SORT_BY_NAME(.init_array.*))
 *(.init_array*)
 .init_array    0x08002e04        0x4 C:/ST/STM32CubeIDE_1.19.0/STM32CubeIDE/plugins/com.st.stm32cube.ide.mcu.externaltools.gnu-tools-for-stm32.13.3.rel1.win32_1.0.0.202411081344/tools/bin/../lib/gcc/arm-none-eabi/13.3.1/thumb/v7-m/nofp/crtbegin.o
                0x08002e08                        PROVIDE (__init_array_end = .)
                0x08002e08                        . = ALIGN (0x4)

.fini_array     0x08002e08        0x4
                0x08002e08                        . = ALIGN (0x4)
                [!provide]                        PROVIDE (__fini_array_start = .)
 *(SORT_BY_NAME(.fini_array.*))
 *(.fini_array*)
 .fini_array    0x08002e08        0x4 C:/ST/STM32CubeIDE_1.19.0/STM32CubeIDE/plugins/com.st.stm32cube.ide.mcu.externaltools.gnu-tools-for-stm32.13.3.rel1.win32_1.0.0.202411081344/tools/bin/../lib/gcc/arm-none-eabi/13.3.1/thumb/v7-m/nofp/crtbegin.o
                [!provide]                        PROVIDE (__fini_array_end = .)
                0x08002e0c                        . = ALIGN (0x4)
                0x08002e0c                        _sidata = LOADADDR (.data)

.rel.dyn        0x08002e0c        0x0
 .rel.iplt      0x08002e0c        0x0 C:/ST/STM32CubeIDE_1.19.0/STM32CubeIDE/plugins/com.st.stm32cube.ide.mcu.externaltools.gnu-tools-for-stm32.13.3.rel1.win32_1.0.0.202411081344/tools/bin/../lib/gcc/arm-none-eabi/13.3.1/thumb/v7-m/nofp/crtbegin.o

.data           0x20000000        0xc load address 0x08002e0c
                0x20000000                        . = ALIGN (0x4)
                0x20000000                        _sdata = .
 *(.data)
 *(.data*)
 .data.SystemCoreClock
                0x20000000        0x4 ./Core/Src/system_stm32f1xx.o
                0x20000000                SystemCoreClock
 .data.uwTickPrio
                0x20000004        0x4 ./Drivers/STM32F1xx_HAL_Driver/Src/stm32f1xx_hal.o
                0x20000004                uwTickPrio
 .data.uwTickFreq
                0x20000008        0x1 ./Drivers/STM32F1xx_HAL_Driver/Src/stm32f1xx_hal.o
                0x20000008                uwTickFreq
 *(.RamFunc)
 *(.RamFunc*)
                0x2000000c                        . = ALIGN (0x4)
 *fill*         0x20000009        0x3 
                0x2000000c                        _edata = .

.igot.plt       0x2000000c        0x0 load address 0x08002e18
 .igot.plt      0x2000000c        0x0 C:/ST/STM32CubeIDE_1.19.0/STM32CubeIDE/plugins/com.st.stm32cube.ide.mcu.externaltools.gnu-tools-for-stm32.13.3.rel1.win32_1.0.0.202411081344/tools/bin/../lib/gcc/arm-none-eabi/13.3.1/thumb/v7-m/nofp/crtbegin.o
                0x2000000c                        . = ALIGN (0x4)

.bss            0x2000000c       0xd0 load address 0x08002e18
                0x2000000c                        _sbss = .
                0x2000000c                        __bss_start__ = _sbss
 *(.bss)
 .bss           0x2000000c       0x1c C:/ST/STM32CubeIDE_1.19.0/STM32CubeIDE/plugins/com.st.stm32cube.ide.mcu.externaltools.gnu-tools-for-stm32.13.3.rel1.win32_1.0.0.202411081344/tools/bin/../lib/gcc/arm-none-eabi/13.3.1/thumb/v7-m/nofp/crtbegin.o
 *(.bss*)
 .bss.hspi2     0x20000028       0x58 ./Core/Src/main.o
                0x20000028                hspi2
 .bss.huart2    0x20000080       0x48 ./Core/Src/main.o
                0x20000080                huart2
 .bss.rxDoneFlag
                0x200000c8        0x1 ./Core/Src/main.o
                0x200000c8                rxDoneFlag
 *fill*         0x200000c9        0x3 
 .bss.spi_interface
                0x200000cc        0x4 ./Core/Src/si4432_io_hal.o
                0x200000cc                spi_interface
 .bss.nss_port  0x200000d0        0x4 ./Core/Src/si4432_io_hal.o
                0x200000d0                nss_port
 .bss.nss_pin   0x200000d4        0x2 ./Core/Src/si4432_io_hal.o
                0x200000d4                nss_pin
 *fill*         0x200000d6        0x2 
 .bss.uwTick    0x200000d8        0x4 ./Drivers/STM32F1xx_HAL_Driver/Src/stm32f1xx_hal.o
                0x200000d8                uwTick
 *(COMMON)
                0x200000dc                        . = ALIGN (0x4)
                0x200000dc                        _ebss = .
                0x200000dc                        __bss_end__ = _ebss

._user_heap_stack
                0x200000dc      0x604 load address 0x08002e18
                0x200000e0                        . = ALIGN (0x8)
 *fill*         0x200000dc        0x4 
                [!provide]                        PROVIDE (end = .)
                0x200000e0                        PROVIDE (_end = .)
                0x200002e0                        . = (. + _Min_Heap_Size)
 *fill*         0x200000e0      0x200 
                0x200006e0                        . = (. + _Min_Stack_Size)
 *fill*         0x200002e0      0x400 
                0x200006e0                        . = ALIGN (0x8)

/DISCARD/
 libc.a(*)
 libm.a(*)
 libgcc.a(*)

.ARM.attributes
                0x00000000       0x29
 *(.ARM.attributes)
 .ARM.attributes
                0x00000000       0x1d C:/ST/STM32CubeIDE_1.19.0/STM32CubeIDE/plugins/com.st.stm32cube.ide.mcu.externaltools.gnu-tools-for-stm32.13.3.rel1.win32_1.0.0.202411081344/tools/bin/../lib/gcc/arm-none-eabi/13.3.1/thumb/v7-m/nofp/crti.o
 .ARM.attributes
                0x0000001d       0x2d C:/ST/STM32CubeIDE_1.19.0/STM32CubeIDE/plugins/com.st.stm32cube.ide.mcu.externaltools.gnu-tools-for-stm32.13.3.rel1.win32_1.0.0.202411081344/tools/bin/../lib/gcc/arm-none-eabi/13.3.1/thumb/v7-m/nofp/crtbegin.o
 .ARM.attributes
                0x0000004a       0x2d ./Core/Src/main.o
 .ARM.attributes
                0x00000077       0x2d ./Core/Src/si4432.o
 .ARM.attributes
                0x000000a4       0x2d ./Core/Src/si4432_io_hal.o
 .ARM.attributes
                0x000000d1       0x2d ./Core/Src/stm32f1xx_hal_msp.o
 .ARM.attributes
                0x000000fe       0x2d ./Core/Src/stm32f1xx_it.o
 .ARM.attributes
                0x0000012b       0x2d ./Core/Src/system_stm32f1xx.o
 .ARM.attributes
                0x00000158       0x21 ./Core/Startup/startup_stm32f103c8tx.o
 .ARM.attributes
                0x00000179       0x2d ./Drivers/STM32F1xx_HAL_Driver/Src/stm32f1xx_hal.o
 .ARM.attributes
                0x000001a6       0x2d ./Drivers/STM32F1xx_HAL_Driver/Src/stm32f1xx_hal_cortex.o
 .ARM.attributes
                0x000001d3       0x2d ./Drivers/STM32F1xx_HAL_Driver/Src/stm32f1xx_hal_dma.o
 .ARM.attributes
                0x00000200       0x2d ./Drivers/STM32F1xx_HAL_Driver/Src/stm32f1xx_hal_gpio.o
 .ARM.attributes
                0x0000022d       0x2d ./Drivers/STM32F1xx_HAL_Driver/Src/stm32f1xx_hal_rcc.o
 .ARM.attributes
                0x0000025a       0x2d ./Drivers/STM32F1xx_HAL_Driver/Src/stm32f1xx_hal_spi.o
 .ARM.attributes
                0x00000287       0x2d ./Drivers/STM32F1xx_HAL_Driver/Src/stm32f1xx_hal_uart.o
 .ARM.attributes
                0x000002b4       0x2d C:/ST/STM32CubeIDE_1.19.0/STM32CubeIDE/plugins/com.st.stm32cube.ide.mcu.externaltools.gnu-tools-for-stm32.13.3.rel1.win32_1.0.0.202411081344/tools/bin/../lib/gcc/arm-none-eabi/13.3.1/../../../../arm-none-eabi/lib/thumb/v7-m/nofp\libc_nano.a(libc_a-memset.o)
 .ARM.attributes
                0x000002e1       0x2d C:/ST/STM32CubeIDE_1.19.0/STM32CubeIDE/plugins/com.st.stm32cube.ide.mcu.externaltools.gnu-tools-for-stm32.13.3.rel1.win32_1.0.0.202411081344/tools/bin/../lib/gcc/arm-none-eabi/13.3.1/../../../../arm-none-eabi/lib/thumb/v7-m/nofp\libc_nano.a(libc_a-init.o)
 .ARM.attributes
                0x0000030e       0x1d C:/ST/STM32CubeIDE_1.19.0/STM32CubeIDE/plugins/com.st.stm32cube.ide.mcu.externaltools.gnu-tools-for-stm32.13.3.rel1.win32_1.0.0.202411081344/tools/bin/../lib/gcc/arm-none-eabi/13.3.1/thumb/v7-m/nofp/crtn.o
OUTPUT(nejedeToDebugTX.elf elf32-littlearm)
LOAD linker stubs
LOAD C:/ST/STM32CubeIDE_1.19.0/STM32CubeIDE/plugins/com.st.stm32cube.ide.mcu.externaltools.gnu-tools-for-stm32.13.3.rel1.win32_1.0.0.202411081344/tools/bin/../lib/gcc/arm-none-eabi/13.3.1/../../../../arm-none-eabi/lib/thumb/v7-m/nofp\libc.a
LOAD C:/ST/STM32CubeIDE_1.19.0/STM32CubeIDE/plugins/com.st.stm32cube.ide.mcu.externaltools.gnu-tools-for-stm32.13.3.rel1.win32_1.0.0.202411081344/tools/bin/../lib/gcc/arm-none-eabi/13.3.1/../../../../arm-none-eabi/lib/thumb/v7-m/nofp\libm.a
LOAD C:/ST/STM32CubeIDE_1.19.0/STM32CubeIDE/plugins/com.st.stm32cube.ide.mcu.externaltools.gnu-tools-for-stm32.13.3.rel1.win32_1.0.0.202411081344/tools/bin/../lib/gcc/arm-none-eabi/13.3.1/thumb/v7-m/nofp\libgcc.a

.debug_info     0x00000000     0xa2ef
 .debug_info    0x00000000      0xf10 ./Core/Src/main.o
 .debug_info    0x00000f10      0xe48 ./Core/Src/si4432.o
 .debug_info    0x00001d58      0x7cf ./Core/Src/si4432_io_hal.o
 .debug_info    0x00002527      0xc72 ./Core/Src/stm32f1xx_hal_msp.o
 .debug_info    0x00003199      0x60d ./Core/Src/stm32f1xx_it.o
 .debug_info    0x000037a6      0x222 ./Core/Src/system_stm32f1xx.o
 .debug_info    0x000039c8       0x30 ./Core/Startup/startup_stm32f103c8tx.o
 .debug_info    0x000039f8      0x704 ./Drivers/STM32F1xx_HAL_Driver/Src/stm32f1xx_hal.o
 .debug_info    0x000040fc      0xa87 ./Drivers/STM32F1xx_HAL_Driver/Src/stm32f1xx_hal_cortex.o
 .debug_info    0x00004b83      0x6d2 ./Drivers/STM32F1xx_HAL_Driver/Src/stm32f1xx_hal_dma.o
 .debug_info    0x00005255      0x5ab ./Drivers/STM32F1xx_HAL_Driver/Src/stm32f1xx_hal_gpio.o
 .debug_info    0x00005800      0x7d5 ./Drivers/STM32F1xx_HAL_Driver/Src/stm32f1xx_hal_rcc.o
 .debug_info    0x00005fd5     0x142d ./Drivers/STM32F1xx_HAL_Driver/Src/stm32f1xx_hal_spi.o
 .debug_info    0x00007402     0x2eed ./Drivers/STM32F1xx_HAL_Driver/Src/stm32f1xx_hal_uart.o

.debug_abbrev   0x00000000     0x1d33
 .debug_abbrev  0x00000000      0x2d7 ./Core/Src/main.o
 .debug_abbrev  0x000002d7      0x2c9 ./Core/Src/si4432.o
 .debug_abbrev  0x000005a0      0x1e7 ./Core/Src/si4432_io_hal.o
 .debug_abbrev  0x00000787      0x1cb ./Core/Src/stm32f1xx_hal_msp.o
 .debug_abbrev  0x00000952      0x18b ./Core/Src/stm32f1xx_it.o
 .debug_abbrev  0x00000add      0x13f ./Core/Src/system_stm32f1xx.o
 .debug_abbrev  0x00000c1c       0x24 ./Core/Startup/startup_stm32f103c8tx.o
 .debug_abbrev  0x00000c40      0x201 ./Drivers/STM32F1xx_HAL_Driver/Src/stm32f1xx_hal.o
 .debug_abbrev  0x00000e41      0x2f8 ./Drivers/STM32F1xx_HAL_Driver/Src/stm32f1xx_hal_cortex.o
 .debug_abbrev  0x00001139      0x20b ./Drivers/STM32F1xx_HAL_Driver/Src/stm32f1xx_hal_dma.o
 .debug_abbrev  0x00001344      0x1ca ./Drivers/STM32F1xx_HAL_Driver/Src/stm32f1xx_hal_gpio.o
 .debug_abbrev  0x0000150e      0x2b3 ./Drivers/STM32F1xx_HAL_Driver/Src/stm32f1xx_hal_rcc.o
 .debug_abbrev  0x000017c1      0x27a ./Drivers/STM32F1xx_HAL_Driver/Src/stm32f1xx_hal_spi.o
 .debug_abbrev  0x00001a3b      0x2f8 ./Drivers/STM32F1xx_HAL_Driver/Src/stm32f1xx_hal_uart.o

.debug_aranges  0x00000000      0x9a0
 .debug_aranges
                0x00000000       0x50 ./Core/Src/main.o
 .debug_aranges
                0x00000050      0x100 ./Core/Src/si4432.o
 .debug_aranges
                0x00000150       0x30 ./Core/Src/si4432_io_hal.o
 .debug_aranges
                0x00000180       0x40 ./Core/Src/stm32f1xx_hal_msp.o
 .debug_aranges
                0x000001c0       0x70 ./Core/Src/stm32f1xx_it.o
 .debug_aranges
                0x00000230       0x28 ./Core/Src/system_stm32f1xx.o
 .debug_aranges
                0x00000258       0x28 ./Core/Startup/startup_stm32f103c8tx.o
 .debug_aranges
                0x00000280       0xe0 ./Drivers/STM32F1xx_HAL_Driver/Src/stm32f1xx_hal.o
 .debug_aranges
                0x00000360      0x100 ./Drivers/STM32F1xx_HAL_Driver/Src/stm32f1xx_hal_cortex.o
 .debug_aranges
                0x00000460       0x80 ./Drivers/STM32F1xx_HAL_Driver/Src/stm32f1xx_hal_dma.o
 .debug_aranges
                0x000004e0       0x58 ./Drivers/STM32F1xx_HAL_Driver/Src/stm32f1xx_hal_gpio.o
 .debug_aranges
                0x00000538       0x90 ./Drivers/STM32F1xx_HAL_Driver/Src/stm32f1xx_hal_rcc.o
 .debug_aranges
                0x000005c8      0x1d0 ./Drivers/STM32F1xx_HAL_Driver/Src/stm32f1xx_hal_spi.o
 .debug_aranges
                0x00000798      0x208 ./Drivers/STM32F1xx_HAL_Driver/Src/stm32f1xx_hal_uart.o

.debug_rnglists
                0x00000000      0x75d
 .debug_rnglists
                0x00000000       0x39 ./Core/Src/main.o
 .debug_rnglists
                0x00000039       0xbd ./Core/Src/si4432.o
 .debug_rnglists
                0x000000f6       0x21 ./Core/Src/si4432_io_hal.o
 .debug_rnglists
                0x00000117       0x2d ./Core/Src/stm32f1xx_hal_msp.o
 .debug_rnglists
                0x00000144       0x4f ./Core/Src/stm32f1xx_it.o
 .debug_rnglists
                0x00000193       0x1a ./Core/Src/system_stm32f1xx.o
 .debug_rnglists
                0x000001ad       0x19 ./Core/Startup/startup_stm32f103c8tx.o
 .debug_rnglists
                0x000001c6       0xa3 ./Drivers/STM32F1xx_HAL_Driver/Src/stm32f1xx_hal.o
 .debug_rnglists
                0x00000269       0xbb ./Drivers/STM32F1xx_HAL_Driver/Src/stm32f1xx_hal_cortex.o
 .debug_rnglists
                0x00000324       0x64 ./Drivers/STM32F1xx_HAL_Driver/Src/stm32f1xx_hal_dma.o
 .debug_rnglists
                0x00000388       0x3f ./Drivers/STM32F1xx_HAL_Driver/Src/stm32f1xx_hal_gpio.o
 .debug_rnglists
                0x000003c7       0x6c ./Drivers/STM32F1xx_HAL_Driver/Src/stm32f1xx_hal_rcc.o
 .debug_rnglists
                0x00000433      0x16e ./Drivers/STM32F1xx_HAL_Driver/Src/stm32f1xx_hal_spi.o
 .debug_rnglists
                0x000005a1      0x1bc ./Drivers/STM32F1xx_HAL_Driver/Src/stm32f1xx_hal_uart.o

.debug_macro    0x00000000    0x17319
 .debug_macro   0x00000000      0x28d ./Core/Src/main.o
 .debug_macro   0x0000028d      0xacc ./Core/Src/main.o
 .debug_macro   0x00000d59      0x21b ./Core/Src/main.o
 .debug_macro   0x00000f74       0x2e ./Core/Src/main.o
 .debug_macro   0x00000fa2       0x22 ./Core/Src/main.o
 .debug_macro   0x00000fc4       0x22 ./Core/Src/main.o
 .debug_macro   0x00000fe6       0x8e ./Core/Src/main.o
 .debug_macro   0x00001074       0x51 ./Core/Src/main.o
 .debug_macro   0x000010c5      0x103 ./Core/Src/main.o
 .debug_macro   0x000011c8       0x6a ./Core/Src/main.o
 .debug_macro   0x00001232      0x1df ./Core/Src/main.o
 .debug_macro   0x00001411       0x1c ./Core/Src/main.o
 .debug_macro   0x0000142d       0x22 ./Core/Src/main.o
 .debug_macro   0x0000144f       0xbd ./Core/Src/main.o
 .debug_macro   0x0000150c      0xd23 ./Core/Src/main.o
 .debug_macro   0x0000222f     0xe09e ./Core/Src/main.o
 .debug_macro   0x000102cd       0x6d ./Core/Src/main.o
 .debug_macro   0x0001033a     0x34a2 ./Core/Src/main.o
 .debug_macro   0x000137dc      0x190 ./Core/Src/main.o
 .debug_macro   0x0001396c       0x5c ./Core/Src/main.o
 .debug_macro   0x000139c8      0x5bc ./Core/Src/main.o
 .debug_macro   0x00013f84      0x289 ./Core/Src/main.o
 .debug_macro   0x0001420d      0x1cb ./Core/Src/main.o
 .debug_macro   0x000143d8      0x114 ./Core/Src/main.o
 .debug_macro   0x000144ec      0x1b2 ./Core/Src/main.o
 .debug_macro   0x0001469e       0x27 ./Core/Src/main.o
 .debug_macro   0x000146c5      0x136 ./Core/Src/main.o
 .debug_macro   0x000147fb      0x1bc ./Core/Src/main.o
 .debug_macro   0x000149b7       0x34 ./Core/Src/main.o
 .debug_macro   0x000149eb       0x3c ./Core/Src/main.o
 .debug_macro   0x00014a27       0x57 ./Core/Src/main.o
 .debug_macro   0x00014a7e       0x87 ./Core/Src/main.o
 .debug_macro   0x00014b05      0x240 ./Core/Src/main.o
 .debug_macro   0x00014d45      0x140 ./Core/Src/main.o
 .debug_macro   0x00014e85      0x217 ./Core/Src/main.o
 .debug_macro   0x0001509c      0x28e ./Core/Src/main.o
 .debug_macro   0x0001532a       0x83 ./Core/Src/main.o
 .debug_macro   0x000153ad       0xd4 ./Core/Src/main.o
 .debug_macro   0x00015481       0x61 ./Core/Src/main.o
 .debug_macro   0x000154e2       0x24 ./Core/Src/main.o
 .debug_macro   0x00015506       0x43 ./Core/Src/main.o
 .debug_macro   0x00015549       0x34 ./Core/Src/main.o
 .debug_macro   0x0001557d      0x370 ./Core/Src/main.o
 .debug_macro   0x000158ed       0x16 ./Core/Src/main.o
 .debug_macro   0x00015903       0x4a ./Core/Src/main.o
 .debug_macro   0x0001594d       0x34 ./Core/Src/main.o
 .debug_macro   0x00015981       0x10 ./Core/Src/main.o
 .debug_macro   0x00015991       0x58 ./Core/Src/main.o
 .debug_macro   0x000159e9       0x8e ./Core/Src/main.o
 .debug_macro   0x00015a77       0x1c ./Core/Src/main.o
 .debug_macro   0x00015a93      0x185 ./Core/Src/main.o
 .debug_macro   0x00015c18       0x10 ./Core/Src/main.o
 .debug_macro   0x00015c28       0x3c ./Core/Src/main.o
 .debug_macro   0x00015c64       0x20 ./Core/Src/main.o
 .debug_macro   0x00015c84      0x2a3 ./Core/Src/si4432.o
 .debug_macro   0x00015f27       0x16 ./Core/Src/si4432.o
 .debug_macro   0x00015f3d       0x10 ./Core/Src/si4432.o
 .debug_macro   0x00015f4d       0x16 ./Core/Src/si4432.o
 .debug_macro   0x00015f63       0x16 ./Core/Src/si4432.o
 .debug_macro   0x00015f79      0x146 ./Core/Src/si4432.o
 .debug_macro   0x000160bf      0x1a2 ./Core/Src/si4432_io_hal.o
 .debug_macro   0x00016261      0x1a2 ./Core/Src/stm32f1xx_hal_msp.o
 .debug_macro   0x00016403      0x1ac ./Core/Src/stm32f1xx_it.o
 .debug_macro   0x000165af      0x198 ./Core/Src/system_stm32f1xx.o
 .debug_macro   0x00016747      0x1bc ./Drivers/STM32F1xx_HAL_Driver/Src/stm32f1xx_hal.o
 .debug_macro   0x00016903      0x198 ./Drivers/STM32F1xx_HAL_Driver/Src/stm32f1xx_hal_cortex.o
 .debug_macro   0x00016a9b      0x198 ./Drivers/STM32F1xx_HAL_Driver/Src/stm32f1xx_hal_dma.o
 .debug_macro   0x00016c33      0x203 ./Drivers/STM32F1xx_HAL_Driver/Src/stm32f1xx_hal_gpio.o
 .debug_macro   0x00016e36      0x1aa ./Drivers/STM32F1xx_HAL_Driver/Src/stm32f1xx_hal_rcc.o
 .debug_macro   0x00016fe0      0x1a0 ./Drivers/STM32F1xx_HAL_Driver/Src/stm32f1xx_hal_spi.o
 .debug_macro   0x00017180      0x199 ./Drivers/STM32F1xx_HAL_Driver/Src/stm32f1xx_hal_uart.o

.debug_line     0x00000000     0xb06e
 .debug_line    0x00000000      0x9d0 ./Core/Src/main.o
 .debug_line    0x000009d0      0xc70 ./Core/Src/si4432.o
 .debug_line    0x00001640      0x76d ./Core/Src/si4432_io_hal.o
 .debug_line    0x00001dad      0x78c ./Core/Src/stm32f1xx_hal_msp.o
 .debug_line    0x00002539      0x7c1 ./Core/Src/stm32f1xx_it.o
 .debug_line    0x00002cfa      0x761 ./Core/Src/system_stm32f1xx.o
 .debug_line    0x0000345b       0x78 ./Core/Startup/startup_stm32f103c8tx.o
 .debug_line    0x000034d3      0x992 ./Drivers/STM32F1xx_HAL_Driver/Src/stm32f1xx_hal.o
 .debug_line    0x00003e65      0xb5c ./Drivers/STM32F1xx_HAL_Driver/Src/stm32f1xx_hal_cortex.o
 .debug_line    0x000049c1      0xd9c ./Drivers/STM32F1xx_HAL_Driver/Src/stm32f1xx_hal_dma.o
 .debug_line    0x0000575d      0x9ef ./Drivers/STM32F1xx_HAL_Driver/Src/stm32f1xx_hal_gpio.o
 .debug_line    0x0000614c      0xe4b ./Drivers/STM32F1xx_HAL_Driver/Src/stm32f1xx_hal_rcc.o
 .debug_line    0x00006f97     0x1c29 ./Drivers/STM32F1xx_HAL_Driver/Src/stm32f1xx_hal_spi.o
 .debug_line    0x00008bc0     0x24ae ./Drivers/STM32F1xx_HAL_Driver/Src/stm32f1xx_hal_uart.o

.debug_str      0x00000000    0x8432c
 .debug_str     0x00000000    0x8432c ./Core/Src/main.o
                              0x82043 (size before relaxing)
 .debug_str     0x0008432c    0x8242e ./Core/Src/si4432.o
 .debug_str     0x0008432c    0x7e2d5 ./Core/Src/si4432_io_hal.o
 .debug_str     0x0008432c    0x7e7c0 ./Core/Src/stm32f1xx_hal_msp.o
 .debug_str     0x0008432c    0x7e2f3 ./Core/Src/stm32f1xx_it.o
 .debug_str     0x0008432c    0x7dea0 ./Core/Src/system_stm32f1xx.o
 .debug_str     0x0008432c       0x89 ./Core/Startup/startup_stm32f103c8tx.o
 .debug_str     0x0008432c    0x7e5d3 ./Drivers/STM32F1xx_HAL_Driver/Src/stm32f1xx_hal.o
 .debug_str     0x0008432c    0x7e51f ./Drivers/STM32F1xx_HAL_Driver/Src/stm32f1xx_hal_cortex.o
 .debug_str     0x0008432c    0x7e249 ./Drivers/STM32F1xx_HAL_Driver/Src/stm32f1xx_hal_dma.o
 .debug_str     0x0008432c    0x7e226 ./Drivers/STM32F1xx_HAL_Driver/Src/stm32f1xx_hal_gpio.o
 .debug_str     0x0008432c    0x7e2cf ./Drivers/STM32F1xx_HAL_Driver/Src/stm32f1xx_hal_rcc.o
 .debug_str     0x0008432c    0x7e7c6 ./Drivers/STM32F1xx_HAL_Driver/Src/stm32f1xx_hal_spi.o
 .debug_str     0x0008432c    0x7e940 ./Drivers/STM32F1xx_HAL_Driver/Src/stm32f1xx_hal_uart.o

.comment        0x00000000       0x43
 .comment       0x00000000       0x43 ./Core/Src/main.o
                                 0x44 (size before relaxing)
 .comment       0x00000043       0x44 ./Core/Src/si4432.o
 .comment       0x00000043       0x44 ./Core/Src/si4432_io_hal.o
 .comment       0x00000043       0x44 ./Core/Src/stm32f1xx_hal_msp.o
 .comment       0x00000043       0x44 ./Core/Src/stm32f1xx_it.o
 .comment       0x00000043       0x44 ./Core/Src/system_stm32f1xx.o
 .comment       0x00000043       0x44 ./Drivers/STM32F1xx_HAL_Driver/Src/stm32f1xx_hal.o
 .comment       0x00000043       0x44 ./Drivers/STM32F1xx_HAL_Driver/Src/stm32f1xx_hal_cortex.o
 .comment       0x00000043       0x44 ./Drivers/STM32F1xx_HAL_Driver/Src/stm32f1xx_hal_dma.o
 .comment       0x00000043       0x44 ./Drivers/STM32F1xx_HAL_Driver/Src/stm32f1xx_hal_gpio.o
 .comment       0x00000043       0x44 ./Drivers/STM32F1xx_HAL_Driver/Src/stm32f1xx_hal_rcc.o
 .comment       0x00000043       0x44 ./Drivers/STM32F1xx_HAL_Driver/Src/stm32f1xx_hal_spi.o
 .comment       0x00000043       0x44 ./Drivers/STM32F1xx_HAL_Driver/Src/stm32f1xx_hal_uart.o

.debug_frame    0x00000000     0x2694
 .debug_frame   0x00000000       0xf0 ./Core/Src/main.o
 .debug_frame   0x000000f0      0x434 ./Core/Src/si4432.o
 .debug_frame   0x00000524       0x98 ./Core/Src/si4432_io_hal.o
 .debug_frame   0x000005bc       0xc8 ./Core/Src/stm32f1xx_hal_msp.o
 .debug_frame   0x00000684      0x13c ./Core/Src/stm32f1xx_it.o
 .debug_frame   0x000007c0       0x58 ./Core/Src/system_stm32f1xx.o
 .debug_frame   0x00000818      0x334 ./Drivers/STM32F1xx_HAL_Driver/Src/stm32f1xx_hal.o
 .debug_frame   0x00000b4c      0x428 ./Drivers/STM32F1xx_HAL_Driver/Src/stm32f1xx_hal_cortex.o
 .debug_frame   0x00000f74      0x208 ./Drivers/STM32F1xx_HAL_Driver/Src/stm32f1xx_hal_dma.o
 .debug_frame   0x0000117c      0x14c ./Drivers/STM32F1xx_HAL_Driver/Src/stm32f1xx_hal_gpio.o
 .debug_frame   0x000012c8      0x218 ./Drivers/STM32F1xx_HAL_Driver/Src/stm32f1xx_hal_rcc.o
 .debug_frame   0x000014e0      0x824 ./Drivers/STM32F1xx_HAL_Driver/Src/stm32f1xx_hal_spi.o
 .debug_frame   0x00001d04      0x944 ./Drivers/STM32F1xx_HAL_Driver/Src/stm32f1xx_hal_uart.o
 .debug_frame   0x00002648       0x20 C:/ST/STM32CubeIDE_1.19.0/STM32CubeIDE/plugins/com.st.stm32cube.ide.mcu.externaltools.gnu-tools-for-stm32.13.3.rel1.win32_1.0.0.202411081344/tools/bin/../lib/gcc/arm-none-eabi/13.3.1/../../../../arm-none-eabi/lib/thumb/v7-m/nofp\libc_nano.a(libc_a-memset.o)
 .debug_frame   0x00002668       0x2c C:/ST/STM32CubeIDE_1.19.0/STM32CubeIDE/plugins/com.st.stm32cube.ide.mcu.externaltools.gnu-tools-for-stm32.13.3.rel1.win32_1.0.0.202411081344/tools/bin/../lib/gcc/arm-none-eabi/13.3.1/../../../../arm-none-eabi/lib/thumb/v7-m/nofp\libc_nano.a(libc_a-init.o)

.debug_line_str
                0x00000000       0x6d
 .debug_line_str
                0x00000000       0x6d ./Core/Startup/startup_stm32f103c8tx.o
